---
source: src/authorship/stats.rs
expression: all_untracked_output
---
"you  ········································ ai\n     0%           untracked 100%            0%\n\nNo authorship was recorded for this commit, so added lines are shown as untracked.\n\nTo start capturing authorship:\n  autter install-hooks    # wire up agent and editor hooks\n  autter debug            # verify each editor/agent can checkpoint\n"
